
nathi@Burlina MINGW64 ~/OneDrive/Documentos/P&I
$ ls
aulagit2502.txt  primeiro_repositorio/  projeto_iot_revolucionario_burlina/

nathi@Burlina MINGW64 ~/OneDrive/Documentos/P&I
$ cd projeto_iot_revolucionario_burlina/

nathi@Burlina MINGW64 ~/OneDrive/Documentos/P&I/projeto_iot_revolucionario_burlina (main)
$ cd ..

nathi@Burlina MINGW64 ~/OneDrive/Documentos/P&I
$ cd projeto_iot_revolucionario_burlina/

nathi@Burlina MINGW64 ~/OneDrive/Documentos/P&I/projeto_iot_revolucionario_burlina (main)
$ git status
On branch main
Your branch is up to date with 'origin/main'.

Untracked files:
  (use "git add <file>..." to include in what will be committed)
        estilos.css
        index.html

nothing added to commit but untracked files present (use "git add" to track)

nathi@Burlina MINGW64 ~/OneDrive/Documentos/P&I/projeto_iot_revolucionario_burlina (main)
$ git add .

nathi@Burlina MINGW64 ~/OneDrive/Documentos/P&I/projeto_iot_revolucionario_burlina (main)
$ git status
On branch main
Your branch is up to date with 'origin/main'.

Changes to be committed:
  (use "git restore --staged <file>..." to unstage)
        new file:   estilos.css
        new file:   index.html


nathi@Burlina MINGW64 ~/OneDrive/Documentos/P&I/projeto_iot_revolucionario_burlina (main)
$ git commit -m "Inserindo meu primeiro código"
[main 828a7f9] Inserindo meu primeiro código
 2 files changed, 42 insertions(+)
 create mode 100644 estilos.css
 create mode 100644 index.html

nathi@Burlina MINGW64 ~/OneDrive/Documentos/P&I/projeto_iot_revolucionario_burlina (main)
$ git push
Enumerating objects: 5, done.
Counting objects: 100% (5/5), done.
Delta compression using up to 8 threads
Compressing objects: 100% (4/4), done.
Writing objects: 100% (4/4), 798 bytes | 798.00 KiB/s, done.
Total 4 (delta 0), reused 0 (delta 0), pack-reused 0
To https://github.com/Burlina/projeto_iot_revolucionario_burlina.git
   8da285b..828a7f9  main -> main